../app/hw.c:19:6:hw_uart_disable_interrupts	8	static
../app/hw.c:23:6:hw_uart_enable_interrupts	8	static
../app/hw.c:29:6:hw_uart_init	16	static
../app/hw.c:40:6:hw_uart2_interrupt	24	static
../app/hw.c:67:13:hw_uart_tx_byte	24	static
../app/hw.c:75:6:hw_uart_tx	24	static
../app/hw.c:82:6:hw_button_state_get	16	static
../app/hw.c:91:6:hw_button_n_state_get	24	static
../app/hw.c:110:6:hw_led_toggle	8	static
../app/hw.c:114:6:hw_led_state_set	24	static
../app/hw.c:119:6:hw_led_n_state_set	24	static
../app/hw.c:137:6:hw_led_n_state_get	24	static
../app/hw.c:159:6:hw_delay_ms	16	static
../app/hw.c:163:6:hw_cpu_sleep	4	static,ignoring_inline_asm
../app/hw.c:167:10:hw_tick_ms_get	8	static
