../app/shell.c:31:6:shell_tick_1ms	8	static
../app/shell.c:45:13:shell_uart_tx_byte	24	static
../app/shell.c:52:6:shell_uart_tx	24	static
../app/shell.c:57:10:shell_parse_args	32	static
../app/shell.c:85:6:shell_process	120	static
../app/shell.c:158:6:shell_add_byte	16	static
../app/shell.c:171:6:shell_uart_interrupt	24	static
../app/shell.c:191:6:shell_disable_interrupts	8	static
../app/shell.c:195:6:shell_enable_interrupts	8	static
../app/shell.c:201:6:shell_uart_init	8	static
../app/shell.c:210:6:shell_init	8	static
